...found 21 targets...
...updating 12 targets...
gcc.compile.c++ /home/huang/workspace/rk3566_project/lib/pinocchio-deps/build-aarch64/boost/boost/bin.v2/libs/config/checks/architecture/gcc-arm/debug/threading-multi/visibility-hidden/32.o
libs/config/checks/architecture/32.cpp:9:36: 错误： narrowing conversion of ‘-1’ from ‘int’ to ‘long unsigned int’ [-Wnarrowing]
    9 | int test[sizeof(void*) == 4? 1 : -1];
      |                                    ^
libs/config/checks/architecture/32.cpp:9:28: 错误： size ‘-1’ of array ‘test’ is negative
    9 | int test[sizeof(void*) == 4? 1 : -1];
      |          ~~~~~~~~~~~~~~~~~~^~~~~~~~

    "/home/huang/toolchains/arm-gnu-toolchain-13.3.rel1-x86_64-aarch64-none-linux-gnu/bin/aarch64-none-linux-gnu-g++"   -fvisibility-inlines-hidden -fPIC -pthread -O0 -fno-inline -Wall -g -fvisibility=hidden  -DBOOST_ALL_NO_LIB=1   -I"."  -c -o "/home/huang/workspace/rk3566_project/lib/pinocchio-deps/build-aarch64/boost/boost/bin.v2/libs/config/checks/architecture/gcc-arm/debug/threading-multi/visibility-hidden/32.o" "libs/config/checks/architecture/32.cpp"

...failed gcc.compile.c++ /home/huang/workspace/rk3566_project/lib/pinocchio-deps/build-aarch64/boost/boost/bin.v2/libs/config/checks/architecture/gcc-arm/debug/threading-multi/visibility-hidden/32.o...
...failed updating 1 target...
...updated 11 targets...
...found 2 targets...
...updating 1 target...
gcc.compile.c++ /home/huang/workspace/rk3566_project/lib/pinocchio-deps/build-aarch64/boost/boost/bin.v2/libs/config/checks/architecture/gcc-arm/debug/threading-multi/visibility-hidden/64.o
...updated 1 target...
...found 2 targets...
...updating 1 target...
gcc.compile.c++ /home/huang/workspace/rk3566_project/lib/pinocchio-deps/build-aarch64/boost/boost/bin.v2/libs/config/checks/architecture/gcc-arm/debug/threading-multi/visibility-hidden/arm.o
...updated 1 target...
...found 10 targets...
...updating 8 targets...
gcc.compile.c++ /home/huang/workspace/rk3566_project/lib/pinocchio-deps/build-aarch64/boost/boost/bin.v2/libs/filesystem/config/gcc-arm/release/cxxstd-17-iso/threading-multi/visibility-hidden/has_cxx20_atomic_ref.o
libs/filesystem/config/has_cxx20_atomic_ref.cpp: In function ‘int main()’:
libs/filesystem/config/has_cxx20_atomic_ref.cpp:15:10: 错误： ‘atomic_ref’不是‘std’的成员
   15 |     std::atomic_ref< func_t* > ref(func);
      |          ^~~~~~~~~~
libs/filesystem/config/has_cxx20_atomic_ref.cpp:15:10: 附注： ‘std::atomic_ref’ is only available from C++20 onwards
libs/filesystem/config/has_cxx20_atomic_ref.cpp:15:28: 错误： expected primary-expression before ‘*’ token
   15 |     std::atomic_ref< func_t* > ref(func);
      |                            ^
libs/filesystem/config/has_cxx20_atomic_ref.cpp:15:30: 错误： expected primary-expression before ‘>’ token
   15 |     std::atomic_ref< func_t* > ref(func);
      |                              ^
libs/filesystem/config/has_cxx20_atomic_ref.cpp:15:32: 错误： ‘ref’在此作用域中尚未声明
   15 |     std::atomic_ref< func_t* > ref(func);
      |                                ^~~

    "/home/huang/toolchains/arm-gnu-toolchain-13.3.rel1-x86_64-aarch64-none-linux-gnu/bin/aarch64-none-linux-gnu-g++"   -std=c++17 -fvisibility-inlines-hidden -fPIC -pthread -O3 -finline-functions -Wno-inline -Wall -fvisibility=hidden  -DBOOST_ALL_NO_LIB=1 -DNDEBUG   -I"." -I"libs/filesystem/src"  -c -o "/home/huang/workspace/rk3566_project/lib/pinocchio-deps/build-aarch64/boost/boost/bin.v2/libs/filesystem/config/gcc-arm/release/cxxstd-17-iso/threading-multi/visibility-hidden/has_cxx20_atomic_ref.o" "libs/filesystem/config/has_cxx20_atomic_ref.cpp"

...failed gcc.compile.c++ /home/huang/workspace/rk3566_project/lib/pinocchio-deps/build-aarch64/boost/boost/bin.v2/libs/filesystem/config/gcc-arm/release/cxxstd-17-iso/threading-multi/visibility-hidden/has_cxx20_atomic_ref.o...
...failed updating 1 target...
...updated 7 targets...
...found 3 targets...
...updating 2 targets...
gcc.compile.c++ /home/huang/workspace/rk3566_project/lib/pinocchio-deps/build-aarch64/boost/boost/bin.v2/libs/filesystem/config/gcc-arm/release/cxxstd-17-iso/threading-multi/visibility-hidden/has_linkflag_no_undefined.o
gcc.link.dll /home/huang/workspace/rk3566_project/lib/pinocchio-deps/build-aarch64/boost/boost/bin.v2/libs/filesystem/config/gcc-arm/release/cxxstd-17-iso/threading-multi/visibility-hidden/libhas_linkflag_no_undefined.so.1.83.0
...updated 2 targets...
...patience...
...found 138 targets...
...updating 1 target...
gcc.compile.c++ /home/huang/workspace/rk3566_project/lib/pinocchio-deps/build-aarch64/boost/boost/bin.v2/libs/filesystem/config/gcc-arm/release/cxxstd-17-iso/threading-multi/visibility-hidden/has_statx.o
libs/filesystem/config/has_statx.cpp: In function ‘int main()’:
libs/filesystem/config/has_statx.cpp:18:9: 警告： unused variable ‘res’ [-Wunused-variable]
   18 |     int res = statx(AT_FDCWD, ".", AT_SYMLINK_NOFOLLOW | AT_NO_AUTOMOUNT, STATX_BTIME, &st);
      |         ^~~
...updated 1 target...
...found 2 targets...
...updating 1 target...
gcc.compile.c++ /home/huang/workspace/rk3566_project/lib/pinocchio-deps/build-aarch64/boost/boost/bin.v2/libs/filesystem/config/gcc-arm/release/cxxstd-17-iso/threading-multi/visibility-hidden/has_attribute_init_priority.o
...updated 1 target...
...found 2 targets...
...updating 1 target...
gcc.compile.c++ /home/huang/workspace/rk3566_project/lib/pinocchio-deps/build-aarch64/boost/boost/bin.v2/libs/filesystem/config/gcc-arm/release/cxxstd-17-iso/threading-multi/visibility-hidden/has_stat_st_mtim.o
libs/filesystem/config/has_stat_st_mtim.cpp: In function ‘int main()’:
libs/filesystem/config/has_stat_st_mtim.cpp:16:17: 警告： 变量‘st’被设定但未被使用 [-Wunused-but-set-variable]
   16 |     struct stat st;
      |                 ^~
...updated 1 target...
...found 2 targets...
...updating 1 target...
gcc.compile.c++ /home/huang/workspace/rk3566_project/lib/pinocchio-deps/build-aarch64/boost/boost/bin.v2/libs/filesystem/config/gcc-arm/release/cxxstd-17-iso/threading-multi/visibility-hidden/has_stat_st_mtimensec.o
libs/filesystem/config/has_stat_st_mtimensec.cpp: In function ‘int main()’:
libs/filesystem/config/has_stat_st_mtimensec.cpp:17:8: 错误： ‘struct stat’ has no member named ‘st_mtimensec’
   17 |     st.st_mtimensec = 10;
      |        ^~~~~~~~~~~~

    "/home/huang/toolchains/arm-gnu-toolchain-13.3.rel1-x86_64-aarch64-none-linux-gnu/bin/aarch64-none-linux-gnu-g++"   -std=c++17 -fvisibility-inlines-hidden -fPIC -pthread -O3 -finline-functions -Wno-inline -Wall -fvisibility=hidden  -DBOOST_ALL_NO_LIB=1 -DNDEBUG   -I"." -I"libs/filesystem/src"  -c -o "/home/huang/workspace/rk3566_project/lib/pinocchio-deps/build-aarch64/boost/boost/bin.v2/libs/filesystem/config/gcc-arm/release/cxxstd-17-iso/threading-multi/visibility-hidden/has_stat_st_mtimensec.o" "libs/filesystem/config/has_stat_st_mtimensec.cpp"

...failed gcc.compile.c++ /home/huang/workspace/rk3566_project/lib/pinocchio-deps/build-aarch64/boost/boost/bin.v2/libs/filesystem/config/gcc-arm/release/cxxstd-17-iso/threading-multi/visibility-hidden/has_stat_st_mtimensec.o...
...failed updating 1 target...
...found 2 targets...
...updating 1 target...
gcc.compile.c++ /home/huang/workspace/rk3566_project/lib/pinocchio-deps/build-aarch64/boost/boost/bin.v2/libs/filesystem/config/gcc-arm/release/cxxstd-17-iso/threading-multi/visibility-hidden/has_stat_st_mtimespec.o
libs/filesystem/config/has_stat_st_mtimespec.cpp: In function ‘int main()’:
libs/filesystem/config/has_stat_st_mtimespec.cpp:17:8: 错误： ‘struct stat’ has no member named ‘st_mtimespec’
   17 |     st.st_mtimespec.tv_nsec = 10;
      |        ^~~~~~~~~~~~

    "/home/huang/toolchains/arm-gnu-toolchain-13.3.rel1-x86_64-aarch64-none-linux-gnu/bin/aarch64-none-linux-gnu-g++"   -std=c++17 -fvisibility-inlines-hidden -fPIC -pthread -O3 -finline-functions -Wno-inline -Wall -fvisibility=hidden  -DBOOST_ALL_NO_LIB=1 -DNDEBUG   -I"." -I"libs/filesystem/src"  -c -o "/home/huang/workspace/rk3566_project/lib/pinocchio-deps/build-aarch64/boost/boost/bin.v2/libs/filesystem/config/gcc-arm/release/cxxstd-17-iso/threading-multi/visibility-hidden/has_stat_st_mtimespec.o" "libs/filesystem/config/has_stat_st_mtimespec.cpp"

...failed gcc.compile.c++ /home/huang/workspace/rk3566_project/lib/pinocchio-deps/build-aarch64/boost/boost/bin.v2/libs/filesystem/config/gcc-arm/release/cxxstd-17-iso/threading-multi/visibility-hidden/has_stat_st_mtimespec.o...
...failed updating 1 target...
...found 2 targets...
...updating 1 target...
gcc.compile.c++ /home/huang/workspace/rk3566_project/lib/pinocchio-deps/build-aarch64/boost/boost/bin.v2/libs/filesystem/config/gcc-arm/release/cxxstd-17-iso/threading-multi/visibility-hidden/has_stat_st_birthtim.o
libs/filesystem/config/has_stat_st_birthtim.cpp: In function ‘int main()’:
libs/filesystem/config/has_stat_st_birthtim.cpp:17:8: 错误： ‘struct stat’ has no member named ‘st_birthtim’
   17 |     st.st_birthtim.tv_sec = 1;
      |        ^~~~~~~~~~~
libs/filesystem/config/has_stat_st_birthtim.cpp:18:8: 错误： ‘struct stat’ has no member named ‘st_birthtim’
   18 |     st.st_birthtim.tv_nsec = 10;
      |        ^~~~~~~~~~~

    "/home/huang/toolchains/arm-gnu-toolchain-13.3.rel1-x86_64-aarch64-none-linux-gnu/bin/aarch64-none-linux-gnu-g++"   -std=c++17 -fvisibility-inlines-hidden -fPIC -pthread -O3 -finline-functions -Wno-inline -Wall -fvisibility=hidden  -DBOOST_ALL_NO_LIB=1 -DNDEBUG   -I"." -I"libs/filesystem/src"  -c -o "/home/huang/workspace/rk3566_project/lib/pinocchio-deps/build-aarch64/boost/boost/bin.v2/libs/filesystem/config/gcc-arm/release/cxxstd-17-iso/threading-multi/visibility-hidden/has_stat_st_birthtim.o" "libs/filesystem/config/has_stat_st_birthtim.cpp"

...failed gcc.compile.c++ /home/huang/workspace/rk3566_project/lib/pinocchio-deps/build-aarch64/boost/boost/bin.v2/libs/filesystem/config/gcc-arm/release/cxxstd-17-iso/threading-multi/visibility-hidden/has_stat_st_birthtim.o...
...failed updating 1 target...
...found 2 targets...
...updating 1 target...
gcc.compile.c++ /home/huang/workspace/rk3566_project/lib/pinocchio-deps/build-aarch64/boost/boost/bin.v2/libs/filesystem/config/gcc-arm/release/cxxstd-17-iso/threading-multi/visibility-hidden/has_stat_st_birthtimensec.o
libs/filesystem/config/has_stat_st_birthtimensec.cpp: In function ‘int main()’:
libs/filesystem/config/has_stat_st_birthtimensec.cpp:17:8: 错误： ‘struct stat’ has no member named ‘st_birthtime’
   17 |     st.st_birthtime = 1;
      |        ^~~~~~~~~~~~
libs/filesystem/config/has_stat_st_birthtimensec.cpp:18:8: 错误： ‘struct stat’ has no member named ‘st_birthtimensec’
   18 |     st.st_birthtimensec = 10;
      |        ^~~~~~~~~~~~~~~~

    "/home/huang/toolchains/arm-gnu-toolchain-13.3.rel1-x86_64-aarch64-none-linux-gnu/bin/aarch64-none-linux-gnu-g++"   -std=c++17 -fvisibility-inlines-hidden -fPIC -pthread -O3 -finline-functions -Wno-inline -Wall -fvisibility=hidden  -DBOOST_ALL_NO_LIB=1 -DNDEBUG   -I"." -I"libs/filesystem/src"  -c -o "/home/huang/workspace/rk3566_project/lib/pinocchio-deps/build-aarch64/boost/boost/bin.v2/libs/filesystem/config/gcc-arm/release/cxxstd-17-iso/threading-multi/visibility-hidden/has_stat_st_birthtimensec.o" "libs/filesystem/config/has_stat_st_birthtimensec.cpp"

...failed gcc.compile.c++ /home/huang/workspace/rk3566_project/lib/pinocchio-deps/build-aarch64/boost/boost/bin.v2/libs/filesystem/config/gcc-arm/release/cxxstd-17-iso/threading-multi/visibility-hidden/has_stat_st_birthtimensec.o...
...failed updating 1 target...
...found 2 targets...
...updating 1 target...
gcc.compile.c++ /home/huang/workspace/rk3566_project/lib/pinocchio-deps/build-aarch64/boost/boost/bin.v2/libs/filesystem/config/gcc-arm/release/cxxstd-17-iso/threading-multi/visibility-hidden/has_stat_st_birthtimespec.o
libs/filesystem/config/has_stat_st_birthtimespec.cpp: In function ‘int main()’:
libs/filesystem/config/has_stat_st_birthtimespec.cpp:17:8: 错误： ‘struct stat’ has no member named ‘st_birthtimespec’
   17 |     st.st_birthtimespec.tv_sec = 1;
      |        ^~~~~~~~~~~~~~~~
libs/filesystem/config/has_stat_st_birthtimespec.cpp:18:8: 错误： ‘struct stat’ has no member named ‘st_birthtimespec’
   18 |     st.st_birthtimespec.tv_nsec = 10;
      |        ^~~~~~~~~~~~~~~~

    "/home/huang/toolchains/arm-gnu-toolchain-13.3.rel1-x86_64-aarch64-none-linux-gnu/bin/aarch64-none-linux-gnu-g++"   -std=c++17 -fvisibility-inlines-hidden -fPIC -pthread -O3 -finline-functions -Wno-inline -Wall -fvisibility=hidden  -DBOOST_ALL_NO_LIB=1 -DNDEBUG   -I"." -I"libs/filesystem/src"  -c -o "/home/huang/workspace/rk3566_project/lib/pinocchio-deps/build-aarch64/boost/boost/bin.v2/libs/filesystem/config/gcc-arm/release/cxxstd-17-iso/threading-multi/visibility-hidden/has_stat_st_birthtimespec.o" "libs/filesystem/config/has_stat_st_birthtimespec.cpp"

...failed gcc.compile.c++ /home/huang/workspace/rk3566_project/lib/pinocchio-deps/build-aarch64/boost/boost/bin.v2/libs/filesystem/config/gcc-arm/release/cxxstd-17-iso/threading-multi/visibility-hidden/has_stat_st_birthtimespec.o...
...failed updating 1 target...
...found 3 targets...
...updating 1 target...
gcc.compile.c++ /home/huang/workspace/rk3566_project/lib/pinocchio-deps/build-aarch64/boost/boost/bin.v2/libs/filesystem/config/gcc-arm/release/cxxstd-17-iso/threading-multi/visibility-hidden/has_fdopendir_nofollow.o
...updated 1 target...
...found 2 targets...
...updating 1 target...
gcc.compile.c++ /home/huang/workspace/rk3566_project/lib/pinocchio-deps/build-aarch64/boost/boost/bin.v2/libs/filesystem/config/gcc-arm/release/cxxstd-17-iso/threading-multi/visibility-hidden/has_dirent_d_type.o
...updated 1 target...
...found 3 targets...
...updating 1 target...
gcc.compile.c++ /home/huang/workspace/rk3566_project/lib/pinocchio-deps/build-aarch64/boost/boost/bin.v2/libs/filesystem/config/gcc-arm/release/cxxstd-17-iso/threading-multi/visibility-hidden/has_posix_at_apis.o
...updated 1 target...
...found 1 target...
...updating 1 target...
config-cache.write /home/huang/workspace/rk3566_project/lib/pinocchio-deps/build-aarch64/boost/boost/bin.v2/project-cache.jam
...updated 1 target...
